C51 COMPILER V9.60.7.0   T23                                                               05/13/2023 19:00:39 PAGE 1   


C51 COMPILER V9.60.7.0, COMPILATION OF MODULE T23
OBJECT MODULE PLACED IN .\Objects\t23.obj
COMPILER INVOKED BY: E:\Applications\Keil_5\C51\BIN\C51.EXE t23.c OPTIMIZE(8,SPEED) BROWSE DEBUG OBJECTEXTEND PRINT(.\Li
                    -stings\t23.lst) TABS(2) OBJECT(.\Objects\t23.obj)

line level    source

   1          #include "reg52.h"
   2          
   3          sbit LED = P2 ^ 0;
   4          
   5          unsigned char T2RH, T2RL;
   6          
   7          
   8          // 1<=max<=277us
   9          void ConfigTime0Mode2(unsigned int us)
  10          {
  11   1        unsigned long temp;
  12   1        if(us>277) us=277;
  13   1        temp = 11059200 / 12; // 计数频率 65536
  14   1        temp = (temp * us) / 1000000;
  15   1        temp = 256 - temp;         // 初值
  16   1        TH0 = temp;
  17   1        TL0 = temp;//8位自动重装模式
  18   1        TMOD &= 0XF0;            // 与操作符，把后面清0（1111 0000）1/0->0
  19   1        TMOD |= 0X02;            // 设置特殊功能寄存器TMOD\模式2，配置好工作模式,或操作符可以防止影响已设置的值 1/0->
             -1
  20   1      
  21   1        
  22   1        TF0 = 0; // 清除TF0标志
  23   1        TR0 = 1; // 启动(打开)定时器
  24   1      }
  25          
  26          int main()
  27          {
  28   1        unsigned int cnt0;
  29   1      
  30   1        ConfigTime0Mode2(2000); // 设定2000us时间
  31   1        while (1)
  32   1        { // 判断T0，是否到了时间（溢出）
  33   2          if (TF0 == 1)
  34   2          {
  35   3            cnt0++;
  36   3            if (cnt0 >= 5000)
  37   3            {
  38   4              cnt0 = 0;
  39   4              LED = !LED;
  40   4            }
  41   3            TF0 = 0; // 计时清零
  42   3          }
  43   2          
  44   2          }
  45   1        }


MODULE INFORMATION:   STATIC OVERLAYABLE
   CODE SIZE        =    143    ----
   CONSTANT SIZE    =   ----    ----
   XDATA SIZE       =   ----    ----
   PDATA SIZE       =   ----    ----
   DATA SIZE        =      2       6
C51 COMPILER V9.60.7.0   T23                                                               05/13/2023 19:00:39 PAGE 2   

   IDATA SIZE       =   ----    ----
   BIT SIZE         =   ----    ----
END OF MODULE INFORMATION.


C51 COMPILATION COMPLETE.  0 WARNING(S),  0 ERROR(S)
