C51 COMPILER V9.60.7.0   T3                                                                05/13/2023 19:12:57 PAGE 1   


C51 COMPILER V9.60.7.0, COMPILATION OF MODULE T3
OBJECT MODULE PLACED IN .\Objects\T3.obj
COMPILER INVOKED BY: E:\Applications\Keil_5\C51\BIN\C51.EXE T3.c OPTIMIZE(8,SPEED) BROWSE DEBUG OBJECTEXTEND PRINT(.\Lis
                    -tings\T3.lst) TABS(2) OBJECT(.\Objects\T3.obj)

line level    source

   1          #include "reg52.h"
   2          
   3          sbit LED =P2^0;
   4          sbit LED1=P2^1;
   5          
   6          unsigned char T3RH, T3RL;
   7          
   8          
   9          // 1<=max<=277us
  10          void ConfigTime0Mode3(unsigned int usl,unsigned int ush)
  11          {
  12   1        unsigned long temp;
  13   1        if(usl>277) usl=277;
  14   1        if(ush>277) ush=277;
  15   1        
  16   1        //配置第一个定时器
  17   1        temp = 11059200 / 12; // 计数频率 65536
  18   1        temp = (temp * usl) / 1000000;
  19   1        temp = 256 - temp;         // 初值
  20   1        T3RL = temp;
  21   1        
  22   1        //配置第二个定时器
  23   1        temp = 11059200 / 12; // 计数频率 65536
  24   1        temp = (temp * ush) / 1000000;
  25   1        temp = 256 - temp;         // 初值
  26   1        T3RH = temp;
  27   1        
  28   1        TMOD &= 0XF0;            // 与操作符，把后面清0（1111 0000）1/0->0
  29   1        TMOD |= 0X03;            // 设置特殊功能寄存器TMOD\模式3，配置好工作模式,或操作符可以防止影响已设置的值 1/0->
             -1
  30   1        
  31   1        TL0=T3RL;
  32   1        TH0=T3RH;
  33   1        
  34   1        TF0 = 0; // 清除TF0标志
  35   1        TR0 = 1; // 启动(打开)第一个有关TL0的定时器
  36   1        TR1 = 1; // 启动(打开)第二个有关TH0的定时器
  37   1      }
  38          
  39          int main()
  40          {
  41   1        unsigned int cntL,cntH;
  42   1      
  43   1        ConfigTime0Mode3(2000,1000); // 设定2000us时间
  44   1        while (1)
  45   1        { // 第一个计时器是否溢出
  46   2          if (TF0 == 1)
  47   2          {
  48   3            cntL++;
  49   3            if (cntL >= 5000)
  50   3            {
  51   4              cntL = 0;
  52   4              LED = !LED;
  53   4            }
C51 COMPILER V9.60.7.0   T3                                                                05/13/2023 19:12:57 PAGE 2   

  54   3            TF0 = 0; // 计时清零
  55   3            TL0=T3RL;
  56   3          }
  57   2          // 第二个计时器是否溢出
  58   2          if (TF1 == 1)
  59   2          {
  60   3            cntH++;
  61   3            if (cntH >= 5000)
  62   3            {
  63   4              cntH = 0;
  64   4              LED1 = !LED1;
  65   4            }
  66   3            TF1 = 0; // 计时清零
  67   3            TL0=T3RH;
  68   3          }
  69   2          
  70   2          }
  71   1        }


MODULE INFORMATION:   STATIC OVERLAYABLE
   CODE SIZE        =    282    ----
   CONSTANT SIZE    =   ----    ----
   XDATA SIZE       =   ----    ----
   PDATA SIZE       =   ----    ----
   DATA SIZE        =      2      10
   IDATA SIZE       =   ----    ----
   BIT SIZE         =   ----    ----
END OF MODULE INFORMATION.


C51 COMPILATION COMPLETE.  0 WARNING(S),  0 ERROR(S)
