C51 COMPILER V9.60.7.0   MAIN                                                              05/08/2023 23:20:04 PAGE 1   


C51 COMPILER V9.60.7.0, COMPILATION OF MODULE MAIN
OBJECT MODULE PLACED IN main.OBJ
COMPILER INVOKED BY: E:\Applications\Keil_5\C51\BIN\C51.EXE main.c OPTIMIZE(8,SPEED) BROWSE DEBUG OBJECTEXTEND TABS(2)

line level    source

   1          #include "reg51.h"
   2          
   3          #define uchar unsigned char
   4          
   5          sbit beep=P2^5;
   6          
   7          uchar m,n;
   8          
   9          uchar code T[49][2]={{0,0},
  10          {0xF8,0x8B},{0xF8,0xF2},{0xF9,0x5B},{0xF9,0xB7},{0xFA,0x14},{0xFA,0x66},{0xFA,0xB9},{0xFB,0x03},{0xFB,0x4A
             -},{0xFB,0x8F},{0xFB,0xCF},{0xFC,0x0B},
  11          {0xFC,0x43},{0xFC,0x78},{0xFC,0xAB},{0xFC,0xDB},{0xFD,0x08},{0xFD,0x33},{0xFD,0x5B},{0xFD,0x81},{0xFD,0xA5
             -},{0xFD,0xC7},{0xFD,0xE7},{0xFE,0x05},
  12          {0xFE,0x21},{0xFE,0x3C},{0xFE,0x55},{0xFE,0x6D},{0xFE,0x84},{0xFE,0x99},{0xFE,0xAD},{0xFE,0xC0},{0xFE,0x02
             -},{0xFE,0xE3},{0xFE,0xF3},{0xFF,0x02},
  13          {0xFF,0x10},{0xFF,0x1D},{0xFF,0x2A},{0xFF,0x36},{0xFF,0x42},{0xFF,0x4C},{0xFF,0x56},{0xFF,0x60},{0xFF,0x69
             -},{0xFF,0x71},{0xFF,0x79},{0xFF,0x81}};
  14          
  15          uchar code music[][2]={{0,4},
  16          {18,2},{19,2},{21,2},{23,2},{11,4},{26,2},{23,6},{0,2},{18,2},{19,2},{21,2},{23,2},{9,4},{26,2},{23,2},{21
             -,2},{23,2},{19,2},{21,2},{18,2},{19,2},
  17          {14,2},{0,4},{18,2},{19,2},{21,2},{23,2},{11,4},{26,2},{23,6},{0,2},{18,2},{19,2},{21,2},{23,2},{9,4},{26,
             -2},{23,2},{21,2},{23,2},{19,2},{21,2},
  18          {18,2},{19,2},{14,2},{0,4},{9,6},{7,2},{9,6},{7,2},{9,4},{11,4},{14,4},{11,4},{9,6},{7,2},{9,6},{7,2},{9,2
             -},{11,2},{9,2},{7,2},{1,4},{0,4},{9,6},
  19          {7,2},{9,6},{7,2},{9,4},{11,4},{14,4},{11,4},{9,6},{11,2},{9,4},{7,4},{9,8},{0,8},{9,6},{7,2},{9,6},{7,2},
             -{9,4},{11,4},{14,4},{11,4},{9,6},{11,2},
  20          {9,4},{7,4},{3,4},{0,4},{11,2},{9,2},{7,2},{9,2},{7,4},{0,4},{11,2},{9,2},{7,2},{9,2},{7,4},{0,4},{11,2},{
             -9,2},{7,2},{9,2},{7,8},{0,8},{0,4},{7,4},
  21          {9,4},{11,4},{7,4},{16,4},{14,2},{16,6},{0,2},{7,2},{18,4},{16,2},{18,6},{0,4},{18,4},{16,2},{18,6},{11,4}
             -,{19,2},{21,2},{19,2},{18,2},{16,4},{14,4},
  22          {16,4},{14,2},{16,4},{14,2},{16,2},{14,2},{16,4},{14,2},{9,4},{14,4},{11,8},{0,8},{7,4},{9,4},{11,4},{7,4}
             -,{16,4},{14,2},{16,6},{0,2},{7,2},{18,4},
  23          {16,2},{18,6},{0,4},{18,4},{16,2},{18,6},{11,4},{19,2},{21,2},{19,2},{18,2},{16,4},{14,4},{16,4},{23,2},{2
             -3,6},{14,4},{16,4},{23,2},{23,4},{14,4},
  24          {16,2},{16,12},{0,4},{19,4},{21,4},{23,4},{28,2},{26,6},{28,2},{26,6},{28,2},{26,6},{21,4},{23,6},{28,2},{
             -26,6},{28,2},{26,6},{28,2},{26,4},{23,8},
  25          {21,4},{19,2},{16,4},{19,4},{19,2},{21,4},{19,2},{16,4},{19,4},{23,8},{23,4},{21,6},{0,4},{19,4},{21,4},{2
             -3,4},{28,2},{26,6},{28,2},{26,6},{28,2},
  26          {26,6},{0,2},{21,2},{23,4},{28,2},{26,6},{28,2},{26,6},{28,2},{26,6},{23,6},{21,4},{19,2},{16,4},{23,4},{2
             -1,4},{19,2},{16,4},{16,2},{19,2},{19,8},
  27          {0,4},{16,2},{23,6},{21,4},{19,2},{16,4},{23,4},{21,4},{19,2},{16,4},{16,2},{19,6},{19,8},{0xFF,0xFF}};
  28          
  29          void delay(uchar p)
  30          {
  31   1          uchar i,j; 
  32   1          for(;p>0;p--)
  33   1          for(i=185;i>0;i--)
  34   1          for(j=185;j>0;j--);
  35   1      }
  36          
  37          void pause()
  38          {
  39   1          uchar i,j;
  40   1          for(i=150;i>0;i--)
C51 COMPILER V9.60.7.0   MAIN                                                              05/08/2023 23:20:04 PAGE 2   

  41   1          for(j=150;j>0;j--);
  42   1      }
  43          
  44          void T0_int() interrupt 1
  45          {
  46   1        beep=!beep;
  47   1        TH0=T[m][0]; 
  48   1        TL0=T[m][1];
  49   1      }
  50          
  51          void main()
  52          {
  53   1        uchar i=0; 
  54   1        TMOD=0x01;  
  55   1        EA=1; 
  56   1        ET0=1; 
  57   1        while(1) 
  58   1          {
  59   2            m=music[i][0];
  60   2          n=music[i][1];
  61   2           
  62   2              if(m==0x00)
  63   2              {TR0=0;delay(n);i++;} 
  64   2              else if(m==0xFF)
  65   2              {TR0=0;delay(30);i=0;} 
  66   2              else if(m==music[i+1][0]) 
  67   2              {TR0=1;delay(n);TR0=0;pause();i++;}
  68   2              else
  69   2              {TR0=1;delay(n);i++;}
  70   2          }
  71   1      }


MODULE INFORMATION:   STATIC OVERLAYABLE
   CODE SIZE        =    202    ----
   CONSTANT SIZE    =    608    ----
   XDATA SIZE       =   ----    ----
   PDATA SIZE       =   ----    ----
   DATA SIZE        =      2    ----
   IDATA SIZE       =   ----    ----
   BIT SIZE         =   ----    ----
END OF MODULE INFORMATION.


C51 COMPILATION COMPLETE.  0 WARNING(S),  0 ERROR(S)
