C51 COMPILER V9.60.7.0   ______                                                            06/05/2023 23:33:30 PAGE 1   


C51 COMPILER V9.60.7.0, COMPILATION OF MODULE ______
OBJECT MODULE PLACED IN .\Objects\频率计.obj
COMPILER INVOKED BY: E:\Applications\Keil_5\C51\BIN\C51.EXE 频率计.c OPTIMIZE(8,SPEED) BROWSE DEBUG OBJECTEXTEND PRINT(.
                    -\Listings\频率计.lst) TABS(2) OBJECT(.\Objects\频率计.obj)

line level    source

   1          #include <reg52.h>
   2          
   3          sbit Wave=P3^3;
   4          unsigned char T0RH,T0RL;
   5          unsigned int count=0;
   6          bit flag1s=0;//标志位，和int char类型一样，只有1和0
   7          
   8          
   9          
  10          //1<=max<=71
  11          void ConfigTimer0(unsigned char ms)
  12          {
  13   1        unsigned long tmp;
  14   1        
  15   1        tmp=11059200/12;    //计数频率
  16   1        tmp=(tmp*ms)/1000;
  17   1        tmp=65536-tmp;      //初值
  18   1        T0RH=(unsigned char)(tmp>>8);
  19   1        T0RL=(unsigned char)(tmp);
  20   1        
  21   1        ET0=1;
  22   1        TMOD=0x01;  //配置工作模式
  23   1        TH0=T0RH; //设置定时时间
  24   1        TL0=T0RL;
  25   1        TR0=1;    //启动定时器
  26   1      }
  27          void ConfigINT0(void)
  28          {
  29   1        IT0=1; //下降沿触发
  30   1        EX0=1;
  31   1        
  32   1      }
  33          
  34          void main()
  35          { 
  36   1        EA=1;
  37   1        P1=0x0E; //选中8个LED
  38   1        ConfigTimer0(10); //设定10ms
  39   1        ConfigINT0();
  40   1        
  41   1      
  42   1        while(1)
  43   1        {   
  44   2          
  45   2      //      if(tmp!=Wave){
  46   2      //        count++;
  47   2      //        tmp=Wave;//更新状态
  48   2      //      }
  49   2      //      if(flag1s)
  50   2      //      {
  51   2      //        //count=1000  =0000 0011 1110 1000
  52   2      //      count/=2; 波形上下会计两次
  53   2      //        count>>=4;  0000 0000 0011 1110 变成8位可读
  54   2      //        P0=(count>>4);
C51 COMPILER V9.60.7.0   ______                                                            06/05/2023 23:33:30 PAGE 2   

  55   2      //        count=0
  56   2      //      }
  57   2        }
  58   1      }
  59          
  60          //T0定时器中断函数
  61          void InterruptTimer0() interrupt 1
  62          { 
  63   1        static unsigned int cnt=0;
  64   1      
  65   1        TH0=T0RH;
  66   1        TL0=T0RL;
  67   1      
  68   1        cnt++;
  69   1        if(cnt>=100)
  70   1        {
  71   2          cnt=0;
  72   2          P0=(count>>4); 
  73   2          count=0;
  74   2        }
  75   1      }
  76          //当出现下降沿的时候单片机自动跳转此中断函数
  77          void InterruptINT0() interrupt 0
  78          {
  79   1        count++;
  80   1      }


MODULE INFORMATION:   STATIC OVERLAYABLE
   CODE SIZE        =    197    ----
   CONSTANT SIZE    =   ----    ----
   XDATA SIZE       =   ----    ----
   PDATA SIZE       =   ----    ----
   DATA SIZE        =      6       4
   IDATA SIZE       =   ----    ----
   BIT SIZE         =      1    ----
END OF MODULE INFORMATION.


C51 COMPILATION COMPLETE.  0 WARNING(S),  0 ERROR(S)
